Date: 2026-09-24T20:34:30Z
Host: node07
Job: 368141_5
Model name:          Intel(R) Xeon(R) Gold 6130 CPU @ 2.10GHz
=== run 5 native p=24/53 ===
# N=65536 reps=5000 trials=7; median ns/element
add  binary32      0.1652
mul  binary32      0.1319
div  binary32      0.1797
fma  binary32      0.2521
add  binary64      0.7234
mul  binary64      0.7374
div  binary64      0.7572
fma  binary64      1.1852
=== run 5 prism p=24/53 ===
# N=65536 reps=100 trials=7; median ns/element
add  binary32      4.4645
mul  binary32      4.3383
div  binary32      4.5622
fma  binary32      5.0646
add  binary64      8.8263
mul  binary64      8.6804
div  binary64      9.4237
fma  binary64     10.0497
=== run 5 mca p=24/53 ===
# N=65536 reps=30 trials=7; median ns/element
add  binary32     20.5525
mul  binary32     19.2672
div  binary32     19.8294
fma  binary32     23.3361
add  binary64     89.2957
mul  binary64    126.9558
div  binary64    179.8148
fma  binary64    707.3979
=== run 5 native p=8/24 ===
# N=65536 reps=5000 trials=7; median ns/element
add  binary32      0.1458
mul  binary32      0.1349
div  binary32      0.1755
fma  binary32      0.2591
add  binary64      0.7751
mul  binary64      0.7760
div  binary64      0.7731
fma  binary64      1.1777
=== run 5 prism p=8/24 ===
# N=65536 reps=100 trials=7; median ns/element
add  binary32      4.3935
mul  binary32      4.2631
div  binary32      4.5011
fma  binary32      4.9771
add  binary64      8.8051
mul  binary64      8.6427
div  binary64      9.3668
fma  binary64      9.9554
=== run 5 mca p=8/24 ===
# N=65536 reps=30 trials=7; median ns/element
add  binary32     19.5434
mul  binary32     19.2350
div  binary32     19.7473
fma  binary32     23.3270
add  binary64    116.6258
mul  binary64    128.5411
div  binary64    180.6142
fma  binary64    707.5841
RUN_OK
