Date: 2026-09-24T20:38:27Z
Host: node07
Job: 368141_25
Model name:          Intel(R) Xeon(R) Gold 6130 CPU @ 2.10GHz
=== run 25 native p=24/53 ===
# N=65536 reps=5000 trials=7; median ns/element
add  binary32      0.1444
mul  binary32      0.1365
div  binary32      0.1775
fma  binary32      0.2612
add  binary64      0.7718
mul  binary64      0.7544
div  binary64      0.7752
fma  binary64      1.2003
=== run 25 prism p=24/53 ===
# N=65536 reps=100 trials=7; median ns/element
add  binary32      4.3882
mul  binary32      4.2880
div  binary32      4.4858
fma  binary32      4.9594
add  binary64      9.0065
mul  binary64      8.7342
div  binary64      9.3309
fma  binary64      9.9699
=== run 25 mca p=24/53 ===
# N=65536 reps=30 trials=7; median ns/element
add  binary32     20.4362
mul  binary32     19.2582
div  binary32     19.8467
fma  binary32     23.3065
add  binary64     89.2687
mul  binary64    126.8809
div  binary64    179.6608
fma  binary64    706.3692
=== run 25 native p=8/24 ===
# N=65536 reps=5000 trials=7; median ns/element
add  binary32      0.1370
mul  binary32      0.1633
div  binary32      0.1885
fma  binary32      0.2991
add  binary64      0.7040
mul  binary64      0.7176
div  binary64      0.7381
fma  binary64      1.1842
=== run 25 prism p=8/24 ===
# N=65536 reps=100 trials=7; median ns/element
add  binary32      4.4173
mul  binary32      4.2453
div  binary32      4.5025
fma  binary32      4.9889
add  binary64      8.8601
mul  binary64      8.7169
div  binary64      9.1854
fma  binary64      9.9206
=== run 25 mca p=8/24 ===
# N=65536 reps=30 trials=7; median ns/element
add  binary32     19.5375
mul  binary32     19.2757
div  binary32     19.7878
fma  binary32     23.3103
add  binary64    116.4908
mul  binary64    128.3561
div  binary64    180.3818
fma  binary64    707.0438
RUN_OK
