Date: 2026-09-24T20:35:32Z
Host: node02
Job: 368141_10
Model name:          Intel(R) Xeon(R) Gold 6130 CPU @ 2.10GHz
=== run 10 native p=24/53 ===
# N=65536 reps=5000 trials=7; median ns/element
add  binary32      0.1288
mul  binary32      0.1364
div  binary32      0.1802
fma  binary32      0.3022
add  binary64      0.7634
mul  binary64      0.7385
div  binary64      0.7467
fma  binary64      1.1414
=== run 10 prism p=24/53 ===
# N=65536 reps=100 trials=7; median ns/element
add  binary32      4.3917
mul  binary32      4.3488
div  binary32      4.4835
fma  binary32      4.9924
add  binary64      8.9885
mul  binary64      8.8248
div  binary64      9.2515
fma  binary64     10.1596
=== run 10 mca p=24/53 ===
# N=65536 reps=30 trials=7; median ns/element
add  binary32     20.4789
mul  binary32     19.1941
div  binary32     19.7200
fma  binary32     23.2969
add  binary64     89.3108
mul  binary64    126.9962
div  binary64    179.7215
fma  binary64    706.4260
=== run 10 native p=8/24 ===
# N=65536 reps=5000 trials=7; median ns/element
add  binary32      0.1715
mul  binary32      0.1636
div  binary32      0.1807
fma  binary32      0.2975
add  binary64      0.7411
mul  binary64      0.7506
div  binary64      0.7439
fma  binary64      1.1714
=== run 10 prism p=8/24 ===
# N=65536 reps=100 trials=7; median ns/element
add  binary32      4.3984
mul  binary32      4.2562
div  binary32      4.4904
fma  binary32      4.9834
add  binary64      8.8184
mul  binary64      8.6469
div  binary64      9.2952
fma  binary64      9.9404
=== run 10 mca p=8/24 ===
# N=65536 reps=30 trials=7; median ns/element
add  binary32     19.5231
mul  binary32     19.2557
div  binary32     19.7474
fma  binary32     23.3158
add  binary64    116.6540
mul  binary64    128.6164
div  binary64    180.4029
fma  binary64    707.1396
RUN_OK
